[16-Nov-2025 03:05:08 Europe/Berlin] PHP Warning:  Undefined variable $conn in C:\xampp\htdocs\Asobi\obtener_reservas.php on line 11
[16-Nov-2025 03:05:08 Europe/Berlin] PHP Fatal error:  Uncaught Error: Call to a member function query() on null in C:\xampp\htdocs\Asobi\obtener_reservas.php:11
Stack trace:
#0 {main}
  thrown in C:\xampp\htdocs\Asobi\obtener_reservas.php on line 11
[16-Nov-2025 03:05:10 Europe/Berlin] PHP Warning:  Undefined variable $conn in C:\xampp\htdocs\Asobi\obtener_eventos.php on line 5
[16-Nov-2025 03:05:10 Europe/Berlin] PHP Fatal error:  Uncaught Error: Call to a member function query() on null in C:\xampp\htdocs\Asobi\obtener_eventos.php:5
Stack trace:
#0 {main}
  thrown in C:\xampp\htdocs\Asobi\obtener_eventos.php on line 5
[16-Nov-2025 03:05:54 Europe/Berlin] PHP Warning:  Undefined variable $conn in C:\xampp\htdocs\Asobi\obtener_reservas.php on line 11
[16-Nov-2025 03:05:54 Europe/Berlin] PHP Fatal error:  Uncaught Error: Call to a member function query() on null in C:\xampp\htdocs\Asobi\obtener_reservas.php:11
Stack trace:
#0 {main}
  thrown in C:\xampp\htdocs\Asobi\obtener_reservas.php on line 11
[16-Nov-2025 03:06:07 Europe/Berlin] PHP Warning:  Undefined variable $conn in C:\xampp\htdocs\Asobi\obtener_reservas.php on line 11
[16-Nov-2025 03:06:07 Europe/Berlin] PHP Fatal error:  Uncaught Error: Call to a member function query() on null in C:\xampp\htdocs\Asobi\obtener_reservas.php:11
Stack trace:
#0 {main}
  thrown in C:\xampp\htdocs\Asobi\obtener_reservas.php on line 11
[16-Nov-2025 03:07:31 Europe/Berlin] PHP Warning:  Undefined variable $conn in C:\xampp\htdocs\Asobi\obtener_reservas.php on line 11
[16-Nov-2025 03:07:31 Europe/Berlin] PHP Fatal error:  Uncaught Error: Call to a member function query() on null in C:\xampp\htdocs\Asobi\obtener_reservas.php:11
Stack trace:
#0 {main}
  thrown in C:\xampp\htdocs\Asobi\obtener_reservas.php on line 11
[16-Nov-2025 03:08:58 Europe/Berlin] PHP Warning:  Undefined variable $conn in C:\xampp\htdocs\Asobi\obtener_reservas.php on line 11
[16-Nov-2025 03:08:58 Europe/Berlin] PHP Fatal error:  Uncaught Error: Call to a member function query() on null in C:\xampp\htdocs\Asobi\obtener_reservas.php:11
Stack trace:
#0 {main}
  thrown in C:\xampp\htdocs\Asobi\obtener_reservas.php on line 11
[16-Nov-2025 03:09:05 Europe/Berlin] PHP Warning:  Undefined variable $conn in C:\xampp\htdocs\Asobi\obtener_eventos.php on line 5
[16-Nov-2025 03:09:05 Europe/Berlin] PHP Fatal error:  Uncaught Error: Call to a member function query() on null in C:\xampp\htdocs\Asobi\obtener_eventos.php:5
Stack trace:
#0 {main}
  thrown in C:\xampp\htdocs\Asobi\obtener_eventos.php on line 5
[16-Nov-2025 03:09:16 Europe/Berlin] PHP Warning:  Undefined variable $conn in C:\xampp\htdocs\Asobi\obtener_reservas.php on line 11
[16-Nov-2025 03:09:16 Europe/Berlin] PHP Fatal error:  Uncaught Error: Call to a member function query() on null in C:\xampp\htdocs\Asobi\obtener_reservas.php:11
Stack trace:
#0 {main}
  thrown in C:\xampp\htdocs\Asobi\obtener_reservas.php on line 11
[16-Nov-2025 03:10:33 Europe/Berlin] PHP Warning:  Undefined variable $conn in C:\xampp\htdocs\Asobi\obtener_reservas.php on line 11
[16-Nov-2025 03:10:33 Europe/Berlin] PHP Fatal error:  Uncaught Error: Call to a member function query() on null in C:\xampp\htdocs\Asobi\obtener_reservas.php:11
Stack trace:
#0 {main}
  thrown in C:\xampp\htdocs\Asobi\obtener_reservas.php on line 11
[16-Nov-2025 03:11:05 Europe/Berlin] PHP Warning:  Undefined variable $conn in C:\xampp\htdocs\Asobi\obtener_eventos.php on line 5
[16-Nov-2025 03:11:05 Europe/Berlin] PHP Fatal error:  Uncaught Error: Call to a member function query() on null in C:\xampp\htdocs\Asobi\obtener_eventos.php:5
Stack trace:
#0 {main}
  thrown in C:\xampp\htdocs\Asobi\obtener_eventos.php on line 5
[16-Nov-2025 03:13:43 Europe/Berlin] PHP Warning:  Undefined variable $conn in C:\xampp\htdocs\Asobi\registrar_usuario.php on line 23
[16-Nov-2025 03:13:43 Europe/Berlin] PHP Fatal error:  Uncaught Error: Call to a member function prepare() on null in C:\xampp\htdocs\Asobi\registrar_usuario.php:23
Stack trace:
#0 {main}
  thrown in C:\xampp\htdocs\Asobi\registrar_usuario.php on line 23
[16-Nov-2025 03:13:44 Europe/Berlin] PHP Warning:  Undefined variable $conn in C:\xampp\htdocs\Asobi\registrar_usuario.php on line 23
[16-Nov-2025 03:13:44 Europe/Berlin] PHP Fatal error:  Uncaught Error: Call to a member function prepare() on null in C:\xampp\htdocs\Asobi\registrar_usuario.php:23
Stack trace:
#0 {main}
  thrown in C:\xampp\htdocs\Asobi\registrar_usuario.php on line 23
[16-Nov-2025 03:13:45 Europe/Berlin] PHP Warning:  Undefined variable $conn in C:\xampp\htdocs\Asobi\registrar_usuario.php on line 23
[16-Nov-2025 03:13:45 Europe/Berlin] PHP Fatal error:  Uncaught Error: Call to a member function prepare() on null in C:\xampp\htdocs\Asobi\registrar_usuario.php:23
Stack trace:
#0 {main}
  thrown in C:\xampp\htdocs\Asobi\registrar_usuario.php on line 23
[16-Nov-2025 03:13:45 Europe/Berlin] PHP Warning:  Undefined variable $conn in C:\xampp\htdocs\Asobi\registrar_usuario.php on line 23
[16-Nov-2025 03:13:45 Europe/Berlin] PHP Fatal error:  Uncaught Error: Call to a member function prepare() on null in C:\xampp\htdocs\Asobi\registrar_usuario.php:23
Stack trace:
#0 {main}
  thrown in C:\xampp\htdocs\Asobi\registrar_usuario.php on line 23
[16-Nov-2025 03:13:46 Europe/Berlin] PHP Warning:  Undefined variable $conn in C:\xampp\htdocs\Asobi\registrar_usuario.php on line 23
[16-Nov-2025 03:13:46 Europe/Berlin] PHP Fatal error:  Uncaught Error: Call to a member function prepare() on null in C:\xampp\htdocs\Asobi\registrar_usuario.php:23
Stack trace:
#0 {main}
  thrown in C:\xampp\htdocs\Asobi\registrar_usuario.php on line 23
[16-Nov-2025 03:13:46 Europe/Berlin] PHP Warning:  Undefined variable $conn in C:\xampp\htdocs\Asobi\registrar_usuario.php on line 23
[16-Nov-2025 03:13:46 Europe/Berlin] PHP Fatal error:  Uncaught Error: Call to a member function prepare() on null in C:\xampp\htdocs\Asobi\registrar_usuario.php:23
Stack trace:
#0 {main}
  thrown in C:\xampp\htdocs\Asobi\registrar_usuario.php on line 23
[16-Nov-2025 03:13:46 Europe/Berlin] PHP Warning:  Undefined variable $conn in C:\xampp\htdocs\Asobi\registrar_usuario.php on line 23
[16-Nov-2025 03:13:46 Europe/Berlin] PHP Fatal error:  Uncaught Error: Call to a member function prepare() on null in C:\xampp\htdocs\Asobi\registrar_usuario.php:23
Stack trace:
#0 {main}
  thrown in C:\xampp\htdocs\Asobi\registrar_usuario.php on line 23
[16-Nov-2025 03:13:46 Europe/Berlin] PHP Warning:  Undefined variable $conn in C:\xampp\htdocs\Asobi\registrar_usuario.php on line 23
[16-Nov-2025 03:13:46 Europe/Berlin] PHP Fatal error:  Uncaught Error: Call to a member function prepare() on null in C:\xampp\htdocs\Asobi\registrar_usuario.php:23
Stack trace:
#0 {main}
  thrown in C:\xampp\htdocs\Asobi\registrar_usuario.php on line 23
[16-Nov-2025 03:13:46 Europe/Berlin] PHP Warning:  Undefined variable $conn in C:\xampp\htdocs\Asobi\registrar_usuario.php on line 23
[16-Nov-2025 03:13:46 Europe/Berlin] PHP Fatal error:  Uncaught Error: Call to a member function prepare() on null in C:\xampp\htdocs\Asobi\registrar_usuario.php:23
Stack trace:
#0 {main}
  thrown in C:\xampp\htdocs\Asobi\registrar_usuario.php on line 23
[16-Nov-2025 03:13:46 Europe/Berlin] PHP Warning:  Undefined variable $conn in C:\xampp\htdocs\Asobi\registrar_usuario.php on line 23
[16-Nov-2025 03:13:46 Europe/Berlin] PHP Fatal error:  Uncaught Error: Call to a member function prepare() on null in C:\xampp\htdocs\Asobi\registrar_usuario.php:23
Stack trace:
#0 {main}
  thrown in C:\xampp\htdocs\Asobi\registrar_usuario.php on line 23
[16-Nov-2025 03:13:47 Europe/Berlin] PHP Warning:  Undefined variable $conn in C:\xampp\htdocs\Asobi\registrar_usuario.php on line 23
[16-Nov-2025 03:13:47 Europe/Berlin] PHP Fatal error:  Uncaught Error: Call to a member function prepare() on null in C:\xampp\htdocs\Asobi\registrar_usuario.php:23
Stack trace:
#0 {main}
  thrown in C:\xampp\htdocs\Asobi\registrar_usuario.php on line 23
[16-Nov-2025 03:13:47 Europe/Berlin] PHP Warning:  Undefined variable $conn in C:\xampp\htdocs\Asobi\registrar_usuario.php on line 23
[16-Nov-2025 03:13:47 Europe/Berlin] PHP Fatal error:  Uncaught Error: Call to a member function prepare() on null in C:\xampp\htdocs\Asobi\registrar_usuario.php:23
Stack trace:
#0 {main}
  thrown in C:\xampp\htdocs\Asobi\registrar_usuario.php on line 23
[16-Nov-2025 03:13:47 Europe/Berlin] PHP Warning:  Undefined variable $conn in C:\xampp\htdocs\Asobi\registrar_usuario.php on line 23
[16-Nov-2025 03:13:47 Europe/Berlin] PHP Fatal error:  Uncaught Error: Call to a member function prepare() on null in C:\xampp\htdocs\Asobi\registrar_usuario.php:23
Stack trace:
#0 {main}
  thrown in C:\xampp\htdocs\Asobi\registrar_usuario.php on line 23
[16-Nov-2025 03:13:47 Europe/Berlin] PHP Warning:  Undefined variable $conn in C:\xampp\htdocs\Asobi\registrar_usuario.php on line 23
[16-Nov-2025 03:13:47 Europe/Berlin] PHP Fatal error:  Uncaught Error: Call to a member function prepare() on null in C:\xampp\htdocs\Asobi\registrar_usuario.php:23
Stack trace:
#0 {main}
  thrown in C:\xampp\htdocs\Asobi\registrar_usuario.php on line 23
[16-Nov-2025 03:13:47 Europe/Berlin] PHP Warning:  Undefined variable $conn in C:\xampp\htdocs\Asobi\registrar_usuario.php on line 23
[16-Nov-2025 03:13:47 Europe/Berlin] PHP Fatal error:  Uncaught Error: Call to a member function prepare() on null in C:\xampp\htdocs\Asobi\registrar_usuario.php:23
Stack trace:
#0 {main}
  thrown in C:\xampp\htdocs\Asobi\registrar_usuario.php on line 23
[16-Nov-2025 03:13:48 Europe/Berlin] PHP Warning:  Undefined variable $conn in C:\xampp\htdocs\Asobi\registrar_usuario.php on line 23
[16-Nov-2025 03:13:48 Europe/Berlin] PHP Fatal error:  Uncaught Error: Call to a member function prepare() on null in C:\xampp\htdocs\Asobi\registrar_usuario.php:23
Stack trace:
#0 {main}
  thrown in C:\xampp\htdocs\Asobi\registrar_usuario.php on line 23
[16-Nov-2025 03:13:48 Europe/Berlin] PHP Warning:  Undefined variable $conn in C:\xampp\htdocs\Asobi\registrar_usuario.php on line 23
[16-Nov-2025 03:13:48 Europe/Berlin] PHP Fatal error:  Uncaught Error: Call to a member function prepare() on null in C:\xampp\htdocs\Asobi\registrar_usuario.php:23
Stack trace:
#0 {main}
  thrown in C:\xampp\htdocs\Asobi\registrar_usuario.php on line 23
[16-Nov-2025 03:13:48 Europe/Berlin] PHP Warning:  Undefined variable $conn in C:\xampp\htdocs\Asobi\registrar_usuario.php on line 23
[16-Nov-2025 03:13:48 Europe/Berlin] PHP Fatal error:  Uncaught Error: Call to a member function prepare() on null in C:\xampp\htdocs\Asobi\registrar_usuario.php:23
Stack trace:
#0 {main}
  thrown in C:\xampp\htdocs\Asobi\registrar_usuario.php on line 23
[16-Nov-2025 03:13:48 Europe/Berlin] PHP Warning:  Undefined variable $conn in C:\xampp\htdocs\Asobi\registrar_usuario.php on line 23
[16-Nov-2025 03:13:48 Europe/Berlin] PHP Fatal error:  Uncaught Error: Call to a member function prepare() on null in C:\xampp\htdocs\Asobi\registrar_usuario.php:23
Stack trace:
#0 {main}
  thrown in C:\xampp\htdocs\Asobi\registrar_usuario.php on line 23
[16-Nov-2025 03:13:48 Europe/Berlin] PHP Warning:  Undefined variable $conn in C:\xampp\htdocs\Asobi\registrar_usuario.php on line 23
[16-Nov-2025 03:13:48 Europe/Berlin] PHP Fatal error:  Uncaught Error: Call to a member function prepare() on null in C:\xampp\htdocs\Asobi\registrar_usuario.php:23
Stack trace:
#0 {main}
  thrown in C:\xampp\htdocs\Asobi\registrar_usuario.php on line 23
[16-Nov-2025 03:13:48 Europe/Berlin] PHP Warning:  Undefined variable $conn in C:\xampp\htdocs\Asobi\registrar_usuario.php on line 23
[16-Nov-2025 03:13:48 Europe/Berlin] PHP Fatal error:  Uncaught Error: Call to a member function prepare() on null in C:\xampp\htdocs\Asobi\registrar_usuario.php:23
Stack trace:
#0 {main}
  thrown in C:\xampp\htdocs\Asobi\registrar_usuario.php on line 23
[16-Nov-2025 03:13:49 Europe/Berlin] PHP Warning:  Undefined variable $conn in C:\xampp\htdocs\Asobi\registrar_usuario.php on line 23
[16-Nov-2025 03:13:49 Europe/Berlin] PHP Fatal error:  Uncaught Error: Call to a member function prepare() on null in C:\xampp\htdocs\Asobi\registrar_usuario.php:23
Stack trace:
#0 {main}
  thrown in C:\xampp\htdocs\Asobi\registrar_usuario.php on line 23
